123.221.14.56 - - [10/Oct/2013:11:42:33 +0000] "GET /shifters HTTP/1.0" 200 4083 "http://searchengine.com" "Mozilla/4.0 (compatible; MSIE 7.0; Windows NT 6.0)"
16.180.70.237 - - [10/Oct/2013:11:45:29 +0000] "GET /wheelsets HTTP/1.0" 200 3798 "-" "Mozilla/5.0 (Macintosh; Intel Mac OS X 10_9_2) AppleWebKit/537.36 (KHTML, like Gecko) Chrome/36.0.1944.0 Safari/537.36"
16.180.70.237 - - [10/Oct/2013:11:48:22 +0000] "GET /saddles HTTP/1.0" 200 3252 "http://searchengine.com" "Mozilla/5.0 (Windows; U; Windows NT 6.1; rv:2.2) Gecko/20110201"
16.180.70.237 - - [10/Oct/2013:11:53:14 +0000] "GET /saddles HTTP/1.0" 200 3492 "http://bleater.com" "Mozilla/5.0 (Windows NT 5.1; rv:31.0) Gecko/20100101 Firefox/31.0"
218.193.16.244 - - [10/Oct/2013:11:54:48 +0000] "GET /forks HTTP/1.0" 200 3401 "http://www.casualcyclist.com" "Mozilla/5.0 (Macintosh; Intel Mac OS X 10_9_2) AppleWebKit/537.36 (KHTML, like Gecko) Chrome/36.0.1944.0 Safari/537.36"
114.214.178.92 - - [10/Oct/2013:11:56:17 +0000] "GET /saddles HTTP/1.0" 200 2479 "http://www.casualcyclist.com" "Mozilla/5.0 (Windows NT 5.1; rv:31.0) Gecko/20100101 Firefox/31.0"
16.180.70.237 - - [10/Oct/2013:11:59:31 +0000] "GET /stems HTTP/1.0" 200 2705 "-" "Mozilla/5.0 (iPad; CPU OS 6_0 like Mac OS X) AppleWebKit/536.26 (KHTML, like Gecko) Version/6.0 Mobile/10A5355d Safari/8536.25"
198.122.118.164 - - [10/Oct/2013:12:02:09 +0000] "GET /seatposts HTTP/1.0" 200 3119 "http://searchengine.com" "Mozilla/5.0 (Linux; U; Android 2.3.5; en-us; HTC Vision Build/GRI40) AppleWebKit/533.1 (KHTML, like Gecko) Version/4.0 Mobile Safari/533.1"
233.192.62.103 - - [10/Oct/2013:12:02:50 +0000] "GET /handle-bars HTTP/1.0" 200 2691 "http://bleater.com" "Mozilla/5.0 (Windows; U; Windows NT 6.1; rv:2.2) Gecko/20110201"
10.182.189.79 - - [10/Oct/2013:12:05:15 +0000] "GET /handle-bars HTTP/1.0" 200 2089 "http://searchengine.com" "Mozilla/5.0 (Windows; U; Windows NT 6.1; rv:2.2) Gecko/20110201"
114.214.178.92 - - [10/Oct/2013:12:05:45 +0000] "GET /saddles HTTP/1.0" 200 2380 "http://searchengine.com" "Mozilla/5.0 (Windows; U; Windows NT 6.1; rv:2.2) Gecko/20110201"
198.122.118.164 - - [10/Oct/2013:12:10:28 +0000] "GET /stems HTTP/1.0" 200 2400 "http://bleater.com" "Mozilla/5.0 (Windows NT 5.1; rv:31.0) Gecko/20100101 Firefox/31.0"
114.214.178.92 - - [10/Oct/2013:12:12:30 +0000] "GET /saddles HTTP/1.0" 200 2327 "http://bleater.com" "Mozilla/5.0 (Windows; U; Windows NT 6.1; rv:2.2) Gecko/20110201"
244.157.45.12 - - [10/Oct/2013:12:15:02 +0000] "GET /handle-bars HTTP/1.0" 200 4361 "http://bestcyclingreviews.com/top_online_shops" "Mozilla/5.0 (Windows NT 5.1; rv:31.0) Gecko/20100101 Firefox/31.0"
244.157.45.12 - - [10/Oct/2013:12:18:01 +0000] "GET /Store/cart.jsp?productID=1047 HTTP/1.0" 200 4764 "http://searchengine.com" "Mozilla/5.0 (Macintosh; Intel Mac OS X 10_9_2) AppleWebKit/537.36 (KHTML, like Gecko) Chrome/36.0.1944.0 Safari/537.36"
218.193.16.244 - - [10/Oct/2013:12:21:25 +0000] "GET /shifters HTTP/1.0" 200 2516 "-" "Mozilla/5.0 (Linux; U; Android 2.3.5; en-us; HTC Vision Build/GRI40) AppleWebKit/533.1 (KHTML, like Gecko) Version/4.0 Mobile Safari/533.1"
16.180.70.237 - - [10/Oct/2013:12:22:52 +0000] "GET /stems HTTP/1.0" 200 4480 "http://bestcyclingreviews.com/top_online_shops" "Mozilla/5.0 (Windows; U; Windows NT 6.1; rv:2.2) Gecko/20110201"
10.182.189.79 - - [10/Oct/2013:12:24:29 +0000] "GET /saddles HTTP/1.0" 200 4952 "-" "Mozilla/5.0 (Windows NT 5.1; rv:31.0) Gecko/20100101 Firefox/31.0"
16.180.70.237 - - [10/Oct/2013:12:27:56 +0000] "GET /wheelsets HTTP/1.0" 200 2230 "http://bestcyclingreviews.com/top_online_shops" "Mozilla/5.0 (iPad; CPU OS 6_0 like Mac OS X) AppleWebKit/536.26 (KHTML, like Gecko) Version/6.0 Mobile/10A5355d Safari/8536.25"
198.122.118.164 - - [10/Oct/2013:12:32:39 +0000] "GET /stems HTTP/1.0" 200 2636 "http://bestcyclingreviews.com/top_online_shops" "Mozilla/5.0 (Windows NT 5.1; rv:31.0) Gecko/20100101 Firefox/31.0"
218.193.16.244 - - [10/Oct/2013:12:33:16 +0000] "GET /handle-bars HTTP/1.0" 200 4272 "-" "Mozilla/4.0 (compatible; MSIE 7.0; Windows NT 6.0)"
244.157.45.12 - - [10/Oct/2013:12:35:42 +0000] "GET /handle-bars HTTP/1.0" 200 3563 "http://bleater.com" "Mozilla/5.0 (Linux; U; Android 2.3.5; en-us; HTC Vision Build/GRI40) AppleWebKit/533.1 (KHTML, like Gecko) Version/4.0 Mobile Safari/533.1"
218.193.16.244 - - [10/Oct/2013:12:39:58 +0000] "GET /saddles HTTP/1.0" 200 2959 "http://searchengine.com" "Mozilla/5.0 (Windows NT 5.1; rv:31.0) Gecko/20100101 Firefox/31.0"
123.221.14.56 - - [10/Oct/2013:12:40:52 +0000] "GET /seatposts HTTP/1.0" 200 3182 "http://searchengine.com" "Mozilla/4.0 (compatible; MSIE 7.0; Windows NT 6.0)"
198.122.118.164 - - [10/Oct/2013:12:44:36 +0000] "GET /Store/cart.jsp?productID=1380 HTTP/1.0" 200 3870 "http://bleater.com" "Mozilla/5.0 (iPad; CPU OS 6_0 like Mac OS X) AppleWebKit/536.26 (KHTML, like Gecko) Version/6.0 Mobile/10A5355d Safari/8536.25"
114.214.178.92 - - [10/Oct/2013:12:48:22 +0000] "GET /wheelsets HTTP/1.0" 200 2841 "http://searchengine.com" "Mozilla/5.0 (Windows; U; MSIE 9.0; WIndows NT 9.0; en-US))"
244.157.45.12 - - [10/Oct/2013:12:52:11 +0000] "GET /saddles HTTP/1.0" 200 4091 "http://searchengine.com" "Mozilla/5.0 (iPad; CPU OS 6_0 like Mac OS X) AppleWebKit/536.26 (KHTML, like Gecko) Version/6.0 Mobile/10A5355d Safari/8536.25"
233.192.62.103 - - [10/Oct/2013:12:56:19 +0000] "GET /shifters HTTP/1.0" 200 4276 "http://searchengine.com" "Mozilla/5.0 (Windows; U; Windows NT 6.1; rv:2.2) Gecko/20110201"
81.73.150.239 - - [10/Oct/2013:13:01:03 +0000] "GET /forks HTTP/1.0" 200 3724 "http://bleater.com" "Mozilla/5.0 (Linux; U; Android 2.3.5; en-us; HTC Vision Build/GRI40) AppleWebKit/533.1 (KHTML, like Gecko) Version/4.0 Mobile Safari/533.1"
16.180.70.237 - - [10/Oct/2013:13:03:02 +0000] "GET /wheelsets HTTP/1.0" 200 2127 "-" "Mozilla/4.0 (compatible; MSIE 7.0; Windows NT 6.0)"
233.192.62.103 - - [10/Oct/2013:13:04:26 +0000] "GET /saddles HTTP/1.0" 200 4810 "-" "Mozilla/4.0 (compatible; MSIE 7.0; Windows NT 6.0)"
114.214.178.92 - - [10/Oct/2013:13:08:18 +0000] "GET /shifters HTTP/1.0" 200 3107 "http://bleater.com" "Mozilla/5.0 (iPad; CPU OS 6_0 like Mac OS X) AppleWebKit/536.26 (KHTML, like Gecko) Version/6.0 Mobile/10A5355d Safari/8536.25"
198.122.118.164 - - [10/Oct/2013:13:12:09 +0000] "GET /seatposts HTTP/1.0" 200 2868 "http://searchengine.com" "Mozilla/5.0 (Windows; U; Windows NT 6.1; rv:2.2) Gecko/20110201"
123.221.14.56 - - [10/Oct/2013:13:16:26 +0000] "GET /saddles HTTP/1.0" 200 3100 "-" "Mozilla/5.0 (Windows NT 5.1; rv:31.0) Gecko/20100101 Firefox/31.0"
16.180.70.237 - - [10/Oct/2013:13:18:30 +0000] "GET /handle-bars HTTP/1.0" 200 3869 "-" "Mozilla/5.0 (Macintosh; Intel Mac OS X 10_9_2) AppleWebKit/537.36 (KHTML, like Gecko) Chrome/36.0.1944.0 Safari/537.36"
10.182.189.79 - - [10/Oct/2013:13:22:08 +0000] "GET /Store/cart.jsp?productID=1096 HTTP/1.0" 200 2447 "-" "Mozilla/5.0 (Windows; U; Windows NT 6.1; rv:2.2) Gecko/20110201"
10.182.189.79 - - [10/Oct/2013:13:22:43 +0000] "GET /shifters HTTP/1.0" 200 4413 "http://www.casualcyclist.com" "Mozilla/5.0 (Linux; U; Android 2.3.5; en-us; HTC Vision Build/GRI40) AppleWebKit/533.1 (KHTML, like Gecko) Version/4.0 Mobile Safari/533.1"
10.182.189.79 - - [10/Oct/2013:13:25:41 +0000] "GET /handle-bars HTTP/1.0" 200 2237 "http://bestcyclingreviews.com/top_online_shops" "Mozilla/5.0 (Windows; U; Windows NT 6.1; rv:2.2) Gecko/20110201"
233.192.62.103 - - [10/Oct/2013:13:26:43 +0000] "GET /stems HTTP/1.0" 200 3412 "http://searchengine.com" "Mozilla/5.0 (iPad; CPU OS 6_0 like Mac OS X) AppleWebKit/536.26 (KHTML, like Gecko) Version/6.0 Mobile/10A5355d Safari/8536.25"
114.214.178.92 - - [10/Oct/2013:13:29:15 +0000] "GET /wheelsets HTTP/1.0" 200 3916 "http://bestcyclingreviews.com/top_online_shops" "Mozilla/5.0 (Windows; U; Windows NT 6.1; rv:2.2) Gecko/20110201"
198.122.118.164 - - [10/Oct/2013:13:33:55 +0000] "GET /Store/cart.jsp?productID=1342 HTTP/1.0" 200 4218 "-" "Mozilla/5.0 (Windows; U; Windows NT 6.1; rv:2.2) Gecko/20110201"
114.214.178.92 - - [10/Oct/2013:13:37:46 +0000] "GET /handle-bars HTTP/1.0" 200 3352 "http://bleater.com" "Mozilla/5.0 (Windows; U; MSIE 9.0; WIndows NT 9.0; en-US))"
233.192.62.103 - - [10/Oct/2013:13:42:23 +0000] "GET /stems HTTP/1.0" 200 2069 "http://bleater.com" "Mozilla/5.0 (Windows; U; MSIE 9.0; WIndows NT 9.0; en-US))"
123.221.14.56 - - [10/Oct/2013:13:43:18 +0000] "GET /shifters HTTP/1.0" 200 3281 "http://bleater.com" "Mozilla/5.0 (Linux; U; Android 2.3.5; en-us; HTC Vision Build/GRI40) AppleWebKit/533.1 (KHTML, like Gecko) Version/4.0 Mobile Safari/533.1"
10.182.189.79 - - [10/Oct/2013:13:48:06 +0000] "GET /shifters HTTP/1.0" 200 4522 "-" "Mozilla/5.0 (Windows; U; MSIE 9.0; WIndows NT 9.0; en-US))"
16.180.70.237 - - [10/Oct/2013:13:49:16 +0000] "GET /shifters HTTP/1.0" 200 4817 "http://bestcyclingreviews.com/top_online_shops" "Mozilla/5.0 (Windows; U; MSIE 9.0; WIndows NT 9.0; en-US))"
10.182.189.79 - - [10/Oct/2013:13:53:56 +0000] "GET /saddles HTTP/1.0" 200 3488 "http://searchengine.com" "Mozilla/5.0 (Macintosh; Intel Mac OS X 10_9_2) AppleWebKit/537.36 (KHTML, like Gecko) Chrome/36.0.1944.0 Safari/537.36"
10.182.189.79 - - [10/Oct/2013:13:57:03 +0000] "GET /seatposts HTTP/1.0" 200 3004 "http://bleater.com" "Mozilla/5.0 (Linux; U; Android 2.3.5; en-us; HTC Vision Build/GRI40) AppleWebKit/533.1 (KHTML, like Gecko) Version/4.0 Mobile Safari/533.1"
244.157.45.12 - - [10/Oct/2013:13:59:38 +0000] "GET /wheelsets HTTP/1.0" 200 3989 "http://bestcyclingreviews.com/top_online_shops" "Mozilla/5.0 (Macintosh; Intel Mac OS X 10_9_2) AppleWebKit/537.36 (KHTML, like Gecko) Chrome/36.0.1944.0 Safari/537.36"
233.192.62.103 - - [10/Oct/2013:14:01:58 +0000] "GET /wheelsets HTTP/1.0" 200 3567 "-" "Mozilla/4.0 (compatible; MSIE 7.0; Windows NT 6.0)"
244.157.45.12 - - [10/Oct/2013:14:06:39 +0000] "GET /stems HTTP/1.0" 200 3453 "http://bleater.com" "Mozilla/4.0 (compatible; MSIE 7.0; Windows NT 6.0)"
233.192.62.103 - - [10/Oct/2013:14:10:15 +0000] "GET /forks HTTP/1.0" 200 2904 "http://bestcyclingreviews.com/top_online_shops" "Mozilla/4.0 (compatible; MSIE 7.0; Windows NT 6.0)"
218.193.16.244 - - [10/Oct/2013:14:12:57 +0000] "GET /seatposts HTTP/1.0" 200 4087 "http://bleater.com" "Mozilla/5.0 (iPad; CPU OS 6_0 like Mac OS X) AppleWebKit/536.26 (KHTML, like Gecko) Version/6.0 Mobile/10A5355d Safari/8536.25"
114.214.178.92 - - [10/Oct/2013:14:17:38 +0000] "GET /wheelsets HTTP/1.0" 200 2553 "http://bestcyclingreviews.com/top_online_shops" "Mozilla/5.0 (Windows; U; Windows NT 6.1; rv:2.2) Gecko/20110201"
244.157.45.12 - - [10/Oct/2013:14:19:15 +0000] "GET /Store/cart.jsp?productID=1080 HTTP/1.0" 200 4707 "http://searchengine.com" "Mozilla/4.0 (compatible; MSIE 7.0; Windows NT 6.0)"
114.214.178.92 - - [10/Oct/2013:14:23:08 +0000] "GET /stems HTTP/1.0" 200 4931 "http://bestcyclingreviews.com/top_online_shops" "Mozilla/5.0 (iPad; CPU OS 6_0 like Mac OS X) AppleWebKit/536.26 (KHTML, like Gecko) Version/6.0 Mobile/10A5355d Safari/8536.25"
16.180.70.237 - - [10/Oct/2013:14:25:38 +0000] "GET /saddles HTTP/1.0" 200 3022 "http://bleater.com" "Mozilla/5.0 (Windows; U; MSIE 9.0; WIndows NT 9.0; en-US))"
218.193.16.244 - - [10/Oct/2013:14:29:55 +0000] "GET /wheelsets HTTP/1.0" 200 4644 "http://www.casualcyclist.com" "Mozilla/5.0 (Linux; U; Android 2.3.5; en-us; HTC Vision Build/GRI40) AppleWebKit/533.1 (KHTML, like Gecko) Version/4.0 Mobile Safari/533.1"
233.192.62.103 - - [10/Oct/2013:14:32:48 +0000] "GET /forks HTTP/1.0" 200 2403 "http://bleater.com" "Mozilla/5.0 (Windows; U; Windows NT 6.1; rv:2.2) Gecko/20110201"
123.221.14.56 - - [10/Oct/2013:14:34:51 +0000] "GET /shifters HTTP/1.0" 200 3758 "-" "Mozilla/5.0 (Macintosh; Intel Mac OS X 10_9_2) AppleWebKit/537.36 (KHTML, like Gecko) Chrome/36.0.1944.0 Safari/537.36"
233.192.62.103 - - [10/Oct/2013:14:36:47 +0000] "GET /wheelsets HTTP/1.0" 200 3610 "http://searchengine.com" "Mozilla/4.0 (compatible; MSIE 7.0; Windows NT 6.0)"
237.43.24.118 - - [10/Oct/2013:14:41:29 +0000] "GET /wheelsets HTTP/1.0" 200 2833 "http://bestcyclingreviews.com/top_online_shops" "Mozilla/4.0 (compatible; MSIE 7.0; Windows NT 6.0)"
198.122.118.164 - - [10/Oct/2013:14:43:13 +0000] "GET /saddles HTTP/1.0" 200 2189 "http://searchengine.com" "Mozilla/5.0 (Linux; U; Android 2.3.5; en-us; HTC Vision Build/GRI40) AppleWebKit/533.1 (KHTML, like Gecko) Version/4.0 Mobile Safari/533.1"
198.122.118.164 - - [10/Oct/2013:14:47:37 +0000] "GET /stems HTTP/1.0" 200 4239 "http://searchengine.com" "Mozilla/5.0 (Windows NT 5.1; rv:31.0) Gecko/20100101 Firefox/31.0"
198.122.118.164 - - [10/Oct/2013:14:52:11 +0000] "GET /Store/cart.jsp?productID=1347 HTTP/1.0" 200 4374 "-" "Mozilla/5.0 (Windows NT 5.1; rv:31.0) Gecko/20100101 Firefox/31.0"
16.180.70.237 - - [10/Oct/2013:14:54:31 +0000] "GET /handle-bars HTTP/1.0" 200 3268 "http://bleater.com" "Mozilla/5.0 (Linux; U; Android 2.3.5; en-us; HTC Vision Build/GRI40) AppleWebKit/533.1 (KHTML, like Gecko) Version/4.0 Mobile Safari/533.1"
123.221.14.56 - - [10/Oct/2013:14:58:39 +0000] "GET /shifters HTTP/1.0" 200 3357 "http://searchengine.com" "Mozilla/5.0 (Windows; U; Windows NT 6.1; rv:2.2) Gecko/20110201"
10.182.189.79 - - [10/Oct/2013:15:03:26 +0000] "GET /shifters HTTP/1.0" 200 3937 "http://bestcyclingreviews.com/top_online_shops" "Mozilla/5.0 (Windows NT 5.1; rv:31.0) Gecko/20100101 Firefox/31.0"
81.73.150.239 - - [10/Oct/2013:15:06:38 +0000] "GET /shifters HTTP/1.0" 200 3015 "-" "Mozilla/5.0 (Windows; U; Windows NT 6.1; rv:2.2) Gecko/20110201"
81.73.150.239 - - [10/Oct/2013:15:07:08 +0000] "GET /forks HTTP/1.0" 200 2541 "http://bestcyclingreviews.com/top_online_shops" "Mozilla/5.0 (Windows; U; Windows NT 6.1; rv:2.2) Gecko/20110201"
233.192.62.103 - - [10/Oct/2013:15:11:21 +0000] "GET /shifters HTTP/1.0" 200 2621 "http://www.casualcyclist.com" "Mozilla/5.0 (Macintosh; Intel Mac OS X 10_9_2) AppleWebKit/537.36 (KHTML, like Gecko) Chrome/36.0.1944.0 Safari/537.36"
244.157.45.12 - - [10/Oct/2013:15:14:24 +0000] "GET /shifters HTTP/1.0" 200 3980 "-" "Mozilla/5.0 (Linux; U; Android 2.3.5; en-us; HTC Vision Build/GRI40) AppleWebKit/533.1 (KHTML, like Gecko) Version/4.0 Mobile Safari/533.1"
16.180.70.237 - - [10/Oct/2013:15:18:28 +0000] "GET /saddles HTTP/1.0" 200 4564 "-" "Mozilla/5.0 (Windows; U; Windows NT 6.1; rv:2.2) Gecko/20110201"
16.180.70.237 - - [10/Oct/2013:15:21:58 +0000] "GET /handle-bars HTTP/1.0" 200 2613 "http://searchengine.com" "Mozilla/4.0 (compatible; MSIE 7.0; Windows NT 6.0)"
237.43.24.118 - - [10/Oct/2013:15:25:03 +0000] "GET /saddles HTTP/1.0" 200 4303 "-" "Mozilla/5.0 (iPad; CPU OS 6_0 like Mac OS X) AppleWebKit/536.26 (KHTML, like Gecko) Version/6.0 Mobile/10A5355d Safari/8536.25"
10.182.189.79 - - [10/Oct/2013:15:26:10 +0000] "GET /Store/cart.jsp?productID=1178 HTTP/1.0" 200 3578 "http://searchengine.com" "Mozilla/5.0 (iPad; CPU OS 6_0 like Mac OS X) AppleWebKit/536.26 (KHTML, like Gecko) Version/6.0 Mobile/10A5355d Safari/8536.25"
237.43.24.118 - - [10/Oct/2013:15:30:12 +0000] "GET /handle-bars HTTP/1.0" 200 2042 "http://www.casualcyclist.com" "Mozilla/5.0 (Windows NT 5.1; rv:31.0) Gecko/20100101 Firefox/31.0"
10.182.189.79 - - [10/Oct/2013:15:30:44 +0000] "GET /Store/cart.jsp?productID=1104 HTTP/1.0" 200 3115 "http://bestcyclingreviews.com/top_online_shops" "Mozilla/5.0 (Linux; U; Android 2.3.5; en-us; HTC Vision Build/GRI40) AppleWebKit/533.1 (KHTML, like Gecko) Version/4.0 Mobile Safari/533.1"
233.192.62.103 - - [10/Oct/2013:15:34:46 +0000] "GET /wheelsets HTTP/1.0" 200 2551 "http://www.casualcyclist.com" "Mozilla/5.0 (Windows; U; Windows NT 6.1; rv:2.2) Gecko/20110201"
10.182.189.79 - - [10/Oct/2013:15:38:59 +0000] "GET /handle-bars HTTP/1.0" 200 3303 "http://searchengine.com" "Mozilla/5.0 (Windows; U; Windows NT 6.1; rv:2.2) Gecko/20110201"
244.157.45.12 - - [10/Oct/2013:15:43:50 +0000] "GET /seatposts HTTP/1.0" 200 2097 "-" "Mozilla/5.0 (Windows; U; Windows NT 6.1; rv:2.2) Gecko/20110201"
218.193.16.244 - - [10/Oct/2013:15:44:47 +0000] "GET /shifters HTTP/1.0" 200 3070 "http://searchengine.com" "Mozilla/4.0 (compatible; MSIE 7.0; Windows NT 6.0)"
114.214.178.92 - - [10/Oct/2013:15:49:42 +0000] "GET /shifters HTTP/1.0" 200 3001 "-" "Mozilla/5.0 (Windows NT 5.1; rv:31.0) Gecko/20100101 Firefox/31.0"
198.122.118.164 - - [10/Oct/2013:15:52:48 +0000] "GET /stems HTTP/1.0" 200 3348 "http://bestcyclingreviews.com/top_online_shops" "Mozilla/5.0 (Windows; U; MSIE 9.0; WIndows NT 9.0; en-US))"
114.214.178.92 - - [10/Oct/2013:15:54:43 +0000] "GET /seatposts HTTP/1.0" 200 3016 "http://searchengine.com" "Mozilla/5.0 (iPad; CPU OS 6_0 like Mac OS X) AppleWebKit/536.26 (KHTML, like Gecko) Version/6.0 Mobile/10A5355d Safari/8536.25"
123.221.14.56 - - [10/Oct/2013:15:55:32 +0000] "GET /handle-bars HTTP/1.0" 200 3462 "http://bestcyclingreviews.com/top_online_shops" "Mozilla/5.0 (Macintosh; Intel Mac OS X 10_9_2) AppleWebKit/537.36 (KHTML, like Gecko) Chrome/36.0.1944.0 Safari/537.36"
244.157.45.12 - - [10/Oct/2013:16:00:22 +0000] "GET /shifters HTTP/1.0" 200 3803 "http://bestcyclingreviews.com/top_online_shops" "Mozilla/5.0 (iPad; CPU OS 6_0 like Mac OS X) AppleWebKit/536.26 (KHTML, like Gecko) Version/6.0 Mobile/10A5355d Safari/8536.25"
123.221.14.56 - - [10/Oct/2013:16:05:07 +0000] "GET /wheelsets HTTP/1.0" 200 2788 "http://bestcyclingreviews.com/top_online_shops" "Mozilla/4.0 (compatible; MSIE 7.0; Windows NT 6.0)"
237.43.24.118 - - [10/Oct/2013:16:07:31 +0000] "GET /saddles HTTP/1.0" 200 2477 "http://bestcyclingreviews.com/top_online_shops" "Mozilla/5.0 (iPad; CPU OS 6_0 like Mac OS X) AppleWebKit/536.26 (KHTML, like Gecko) Version/6.0 Mobile/10A5355d Safari/8536.25"
114.214.178.92 - - [10/Oct/2013:16:12:26 +0000] "GET /forks HTTP/1.0" 200 2701 "http://bestcyclingreviews.com/top_online_shops" "Mozilla/5.0 (Macintosh; Intel Mac OS X 10_9_2) AppleWebKit/537.36 (KHTML, like Gecko) Chrome/36.0.1944.0 Safari/537.36"
114.214.178.92 - - [10/Oct/2013:16:16:39 +0000] "GET /stems HTTP/1.0" 200 3975 "http://searchengine.com" "Mozilla/5.0 (Macintosh; Intel Mac OS X 10_9_2) AppleWebKit/537.36 (KHTML, like Gecko) Chrome/36.0.1944.0 Safari/537.36"
237.43.24.118 - - [10/Oct/2013:16:21:13 +0000] "GET /shifters HTTP/1.0" 200 4513 "http://www.casualcyclist.com" "Mozilla/5.0 (Windows NT 5.1; rv:31.0) Gecko/20100101 Firefox/31.0"
237.43.24.118 - - [10/Oct/2013:16:24:52 +0000] "GET /Store/cart.jsp?productID=1168 HTTP/1.0" 200 4838 "http://bleater.com" "Mozilla/4.0 (compatible; MSIE 7.0; Windows NT 6.0)"
81.73.150.239 - - [10/Oct/2013:16:26:52 +0000] "GET /handle-bars HTTP/1.0" 200 4763 "-" "Mozilla/5.0 (iPad; CPU OS 6_0 like Mac OS X) AppleWebKit/536.26 (KHTML, like Gecko) Version/6.0 Mobile/10A5355d Safari/8536.25"
10.182.189.79 - - [10/Oct/2013:16:28:05 +0000] "GET /handle-bars HTTP/1.0" 200 2980 "http://searchengine.com" "Mozilla/4.0 (compatible; MSIE 7.0; Windows NT 6.0)"
81.73.150.239 - - [10/Oct/2013:16:33:01 +0000] "GET /seatposts HTTP/1.0" 200 4654 "http://searchengine.com" "Mozilla/5.0 (Windows; U; MSIE 9.0; WIndows NT 9.0; en-US))"
233.192.62.103 - - [10/Oct/2013:16:36:54 +0000] "GET /Store/cart.jsp?productID=1183 HTTP/1.0" 200 4353 "http://bestcyclingreviews.com/top_online_shops" "Mozilla/5.0 (iPad; CPU OS 6_0 like Mac OS X) AppleWebKit/536.26 (KHTML, like Gecko) Version/6.0 Mobile/10A5355d Safari/8536.25"
10.182.189.79 - - [10/Oct/2013:16:41:42 +0000] "GET /forks HTTP/1.0" 200 4398 "-" "Mozilla/5.0 (Windows; U; MSIE 9.0; WIndows NT 9.0; en-US))"
218.193.16.244 - - [10/Oct/2013:16:42:40 +0000] "GET /wheelsets HTTP/1.0" 200 2934 "http://www.casualcyclist.com" "Mozilla/5.0 (Windows; U; MSIE 9.0; WIndows NT 9.0; en-US))"
16.180.70.237 - - [10/Oct/2013:16:43:57 +0000] "GET /stems HTTP/1.0" 200 3161 "http://www.casualcyclist.com" "Mozilla/4.0 (compatible; MSIE 7.0; Windows NT 6.0)"
10.182.189.79 - - [10/Oct/2013:16:46:22 +0000] "GET /forks HTTP/1.0" 200 3794 "http://bleater.com" "Mozilla/4.0 (compatible; MSIE 7.0; Windows NT 6.0)"
198.122.118.164 - - [10/Oct/2013:16:50:42 +0000] "GET /seatposts HTTP/1.0" 200 3324 "http://searchengine.com" "Mozilla/5.0 (Macintosh; Intel Mac OS X 10_9_2) AppleWebKit/537.36 (KHTML, like Gecko) Chrome/36.0.1944.0 Safari/537.36"
237.43.24.118 - - [10/Oct/2013:16:52:59 +0000] "GET /shifters HTTP/1.0" 200 4481 "http://bleater.com" "Mozilla/4.0 (compatible; MSIE 7.0; Windows NT 6.0)"
81.73.150.239 - - [10/Oct/2013:16:55:01 +0000] "GET /seatposts HTTP/1.0" 200 3322 "http://www.casualcyclist.com" "Mozilla/5.0 (iPad; CPU OS 6_0 like Mac OS X) AppleWebKit/536.26 (KHTML, like Gecko) Version/6.0 Mobile/10A5355d Safari/8536.25"
114.214.178.92 - - [10/Oct/2013:16:59:03 +0000] "GET /wheelsets HTTP/1.0" 200 2981 "http://searchengine.com" "Mozilla/5.0 (iPad; CPU OS 6_0 like Mac OS X) AppleWebKit/536.26 (KHTML, like Gecko) Version/6.0 Mobile/10A5355d Safari/8536.25"
237.43.24.118 - - [10/Oct/2013:17:00:20 +0000] "GET /seatposts HTTP/1.0" 200 3954 "http://www.casualcyclist.com" "Mozilla/5.0 (Windows NT 5.1; rv:31.0) Gecko/20100101 Firefox/31.0"
81.73.150.239 - - [10/Oct/2013:17:05:07 +0000] "GET /Store/cart.jsp?productID=1049 HTTP/1.0" 200 2746 "http://bleater.com" "Mozilla/5.0 (Macintosh; Intel Mac OS X 10_9_2) AppleWebKit/537.36 (KHTML, like Gecko) Chrome/36.0.1944.0 Safari/537.36"
16.180.70.237 - - [10/Oct/2013:17:07:48 +0000] "GET /Store/cart.jsp?productID=1344 HTTP/1.0" 200 4741 "http://www.casualcyclist.com" "Mozilla/5.0 (Windows; U; Windows NT 6.1; rv:2.2) Gecko/20110201"
10.182.189.79 - - [10/Oct/2013:17:11:20 +0000] "GET /wheelsets HTTP/1.0" 200 2834 "http://bestcyclingreviews.com/top_online_shops" "Mozilla/4.0 (compatible; MSIE 7.0; Windows NT 6.0)"
218.193.16.244 - - [10/Oct/2013:17:15:39 +0000] "GET /wheelsets HTTP/1.0" 200 2776 "http://www.casualcyclist.com" "Mozilla/5.0 (Windows; U; MSIE 9.0; WIndows NT 9.0; en-US))"
16.180.70.237 - - [10/Oct/2013:17:17:24 +0000] "GET /wheelsets HTTP/1.0" 200 2972 "http://bleater.com" "Mozilla/5.0 (Windows; U; Windows NT 6.1; rv:2.2) Gecko/20110201"
198.122.118.164 - - [10/Oct/2013:17:18:20 +0000] "GET /shifters HTTP/1.0" 200 3134 "http://www.casualcyclist.com" "Mozilla/5.0 (Windows NT 5.1; rv:31.0) Gecko/20100101 Firefox/31.0"
10.182.189.79 - - [10/Oct/2013:17:19:45 +0000] "GET /Store/cart.jsp?productID=1029 HTTP/1.0" 200 3529 "http://searchengine.com" "Mozilla/5.0 (Windows NT 5.1; rv:31.0) Gecko/20100101 Firefox/31.0"
123.221.14.56 - - [10/Oct/2013:17:23:43 +0000] "GET /stems HTTP/1.0" 200 2272 "http://bleater.com" "Mozilla/5.0 (iPad; CPU OS 6_0 like Mac OS X) AppleWebKit/536.26 (KHTML, like Gecko) Version/6.0 Mobile/10A5355d Safari/8536.25"
218.193.16.244 - - [10/Oct/2013:17:27:21 +0000] "GET /stems HTTP/1.0" 200 2272 "http://bleater.com" "Mozilla/5.0 (Macintosh; Intel Mac OS X 10_9_2) AppleWebKit/537.36 (KHTML, like Gecko) Chrome/36.0.1944.0 Safari/537.36"
10.182.189.79 - - [10/Oct/2013:17:31:03 +0000] "GET /Store/cart.jsp?productID=1184 HTTP/1.0" 200 2974 "http://bestcyclingreviews.com/top_online_shops" "Mozilla/4.0 (compatible; MSIE 7.0; Windows NT 6.0)"
16.180.70.237 - - [10/Oct/2013:17:32:54 +0000] "GET /stems HTTP/1.0" 200 3611 "http://searchengine.com" "Mozilla/4.0 (compatible; MSIE 7.0; Windows NT 6.0)"
233.192.62.103 - - [10/Oct/2013:17:37:41 +0000] "GET /shifters HTTP/1.0" 200 3918 "http://www.casualcyclist.com" "Mozilla/5.0 (Windows NT 5.1; rv:31.0) Gecko/20100101 Firefox/31.0"
233.192.62.103 - - [10/Oct/2013:17:39:40 +0000] "GET /shifters HTTP/1.0" 200 2032 "http://www.casualcyclist.com" "Mozilla/5.0 (Macintosh; Intel Mac OS X 10_9_2) AppleWebKit/537.36 (KHTML, like Gecko) Chrome/36.0.1944.0 Safari/537.36"
16.180.70.237 - - [10/Oct/2013:17:41:43 +0000] "GET /handle-bars HTTP/1.0" 200 3662 "http://www.casualcyclist.com" "Mozilla/4.0 (compatible; MSIE 7.0; Windows NT 6.0)"
10.182.189.79 - - [10/Oct/2013:17:43:45 +0000] "GET /saddles HTTP/1.0" 200 3239 "http://searchengine.com" "Mozilla/4.0 (compatible; MSIE 7.0; Windows NT 6.0)"
233.192.62.103 - - [10/Oct/2013:17:46:10 +0000] "GET /shifters HTTP/1.0" 200 3690 "http://www.casualcyclist.com" "Mozilla/5.0 (Windows; U; MSIE 9.0; WIndows NT 9.0; en-US))"
16.180.70.237 - - [10/Oct/2013:17:50:33 +0000] "GET /seatposts HTTP/1.0" 200 2784 "http://bleater.com" "Mozilla/5.0 (iPad; CPU OS 6_0 like Mac OS X) AppleWebKit/536.26 (KHTML, like Gecko) Version/6.0 Mobile/10A5355d Safari/8536.25"
114.214.178.92 - - [10/Oct/2013:17:52:28 +0000] "GET /wheelsets HTTP/1.0" 200 2010 "http://www.casualcyclist.com" "Mozilla/5.0 (iPad; CPU OS 6_0 like Mac OS X) AppleWebKit/536.26 (KHTML, like Gecko) Version/6.0 Mobile/10A5355d Safari/8536.25"
123.221.14.56 - - [10/Oct/2013:17:57:10 +0000] "GET /stems HTTP/1.0" 200 4410 "http://bestcyclingreviews.com/top_online_shops" "Mozilla/5.0 (Linux; U; Android 2.3.5; en-us; HTC Vision Build/GRI40) AppleWebKit/533.1 (KHTML, like Gecko) Version/4.0 Mobile Safari/533.1"
218.193.16.244 - - [10/Oct/2013:18:00:05 +0000] "GET /handle-bars HTTP/1.0" 200 4431 "http://searchengine.com" "Mozilla/5.0 (Windows; U; MSIE 9.0; WIndows NT 9.0; en-US))"
244.157.45.12 - - [10/Oct/2013:18:04:03 +0000] "GET /handle-bars HTTP/1.0" 200 2145 "-" "Mozilla/5.0 (Windows; U; Windows NT 6.1; rv:2.2) Gecko/20110201"
218.193.16.244 - - [10/Oct/2013:18:08:35 +0000] "GET /shifters HTTP/1.0" 200 3641 "http://www.casualcyclist.com" "Mozilla/5.0 (Macintosh; Intel Mac OS X 10_9_2) AppleWebKit/537.36 (KHTML, like Gecko) Chrome/36.0.1944.0 Safari/537.36"
244.157.45.12 - - [10/Oct/2013:18:12:43 +0000] "GET /seatposts HTTP/1.0" 200 2098 "http://searchengine.com" "Mozilla/5.0 (Windows; U; Windows NT 6.1; rv:2.2) Gecko/20110201"
123.221.14.56 - - [10/Oct/2013:18:13:43 +0000] "GET /wheelsets HTTP/1.0" 200 4321 "http://bestcyclingreviews.com/top_online_shops" "Mozilla/4.0 (compatible; MSIE 7.0; Windows NT 6.0)"
10.182.189.79 - - [10/Oct/2013:18:16:43 +0000] "GET /Store/cart.jsp?productID=1189 HTTP/1.0" 200 2250 "-" "Mozilla/5.0 (iPad; CPU OS 6_0 like Mac OS X) AppleWebKit/536.26 (KHTML, like Gecko) Version/6.0 Mobile/10A5355d Safari/8536.25"
114.214.178.92 - - [10/Oct/2013:18:17:54 +0000] "GET /wheelsets HTTP/1.0" 200 2239 "http://bestcyclingreviews.com/top_online_shops" "Mozilla/5.0 (Windows NT 5.1; rv:31.0) Gecko/20100101 Firefox/31.0"
198.122.118.164 - - [10/Oct/2013:18:19:47 +0000] "GET /handle-bars HTTP/1.0" 200 4199 "http://bestcyclingreviews.com/top_online_shops" "Mozilla/5.0 (Windows; U; MSIE 9.0; WIndows NT 9.0; en-US))"
81.73.150.239 - - [10/Oct/2013:18:22:51 +0000] "GET /shifters HTTP/1.0" 200 2503 "http://www.casualcyclist.com" "Mozilla/5.0 (Macintosh; Intel Mac OS X 10_9_2) AppleWebKit/537.36 (KHTML, like Gecko) Chrome/36.0.1944.0 Safari/537.36"
10.182.189.79 - - [10/Oct/2013:18:27:38 +0000] "GET /Store/cart.jsp?productID=1162 HTTP/1.0" 200 4153 "http://www.casualcyclist.com" "Mozilla/5.0 (Macintosh; Intel Mac OS X 10_9_2) AppleWebKit/537.36 (KHTML, like Gecko) Chrome/36.0.1944.0 Safari/537.36"
244.157.45.12 - - [10/Oct/2013:18:32:28 +0000] "GET /stems HTTP/1.0" 200 3232 "-" "Mozilla/5.0 (iPad; CPU OS 6_0 like Mac OS X) AppleWebKit/536.26 (KHTML, like Gecko) Version/6.0 Mobile/10A5355d Safari/8536.25"
233.192.62.103 - - [10/Oct/2013:18:36:42 +0000] "GET /Store/cart.jsp?productID=1109 HTTP/1.0" 200 4101 "http://bestcyclingreviews.com/top_online_shops" "Mozilla/5.0 (iPad; CPU OS 6_0 like Mac OS X) AppleWebKit/536.26 (KHTML, like Gecko) Version/6.0 Mobile/10A5355d Safari/8536.25"
244.157.45.12 - - [10/Oct/2013:18:37:26 +0000] "GET /forks HTTP/1.0" 200 2789 "-" "Mozilla/5.0 (Windows NT 5.1; rv:31.0) Gecko/20100101 Firefox/31.0"
114.214.178.92 - - [10/Oct/2013:18:38:58 +0000] "GET /seatposts HTTP/1.0" 200 3745 "-" "Mozilla/5.0 (iPad; CPU OS 6_0 like Mac OS X) AppleWebKit/536.26 (KHTML, like Gecko) Version/6.0 Mobile/10A5355d Safari/8536.25"
16.180.70.237 - - [10/Oct/2013:18:40:52 +0000] "GET /handle-bars HTTP/1.0" 200 4161 "http://www.casualcyclist.com" "Mozilla/5.0 (iPad; CPU OS 6_0 like Mac OS X) AppleWebKit/536.26 (KHTML, like Gecko) Version/6.0 Mobile/10A5355d Safari/8536.25"
198.122.118.164 - - [10/Oct/2013:18:42:30 +0000] "GET /wheelsets HTTP/1.0" 200 3434 "-" "Mozilla/5.0 (iPad; CPU OS 6_0 like Mac OS X) AppleWebKit/536.26 (KHTML, like Gecko) Version/6.0 Mobile/10A5355d Safari/8536.25"
123.221.14.56 - - [10/Oct/2013:18:44:49 +0000] "GET /seatposts HTTP/1.0" 200 2477 "-" "Mozilla/5.0 (Macintosh; Intel Mac OS X 10_9_2) AppleWebKit/537.36 (KHTML, like Gecko) Chrome/36.0.1944.0 Safari/537.36"
10.182.189.79 - - [10/Oct/2013:18:47:08 +0000] "GET /stems HTTP/1.0" 200 4804 "http://www.casualcyclist.com" "Mozilla/5.0 (iPad; CPU OS 6_0 like Mac OS X) AppleWebKit/536.26 (KHTML, like Gecko) Version/6.0 Mobile/10A5355d Safari/8536.25"
81.73.150.239 - - [10/Oct/2013:18:51:17 +0000] "GET /seatposts HTTP/1.0" 200 4684 "http://www.casualcyclist.com" "Mozilla/5.0 (Macintosh; Intel Mac OS X 10_9_2) AppleWebKit/537.36 (KHTML, like Gecko) Chrome/36.0.1944.0 Safari/537.36"
114.214.178.92 - - [10/Oct/2013:18:54:29 +0000] "GET /handle-bars HTTP/1.0" 200 4981 "http://bleater.com" "Mozilla/5.0 (iPad; CPU OS 6_0 like Mac OS X) AppleWebKit/536.26 (KHTML, like Gecko) Version/6.0 Mobile/10A5355d Safari/8536.25"
81.73.150.239 - - [10/Oct/2013:18:58:59 +0000] "GET /saddles HTTP/1.0" 200 2819 "http://www.casualcyclist.com" "Mozilla/5.0 (Windows; U; MSIE 9.0; WIndows NT 9.0; en-US))"
123.221.14.56 - - [10/Oct/2013:18:59:59 +0000] "GET /seatposts HTTP/1.0" 200 2234 "http://bestcyclingreviews.com/top_online_shops" "Mozilla/5.0 (Windows; U; Windows NT 6.1; rv:2.2) Gecko/20110201"
233.192.62.103 - - [10/Oct/2013:19:03:30 +0000] "GET /seatposts HTTP/1.0" 200 3662 "http://www.casualcyclist.com" "Mozilla/5.0 (Windows NT 5.1; rv:31.0) Gecko/20100101 Firefox/31.0"
237.43.24.118 - - [10/Oct/2013:19:05:15 +0000] "GET /wheelsets HTTP/1.0" 200 2676 "http://www.casualcyclist.com" "Mozilla/5.0 (Macintosh; Intel Mac OS X 10_9_2) AppleWebKit/537.36 (KHTML, like Gecko) Chrome/36.0.1944.0 Safari/537.36"
237.43.24.118 - - [10/Oct/2013:19:07:21 +0000] "GET /seatposts HTTP/1.0" 200 2566 "http://bleater.com" "Mozilla/4.0 (compatible; MSIE 7.0; Windows NT 6.0)"
237.43.24.118 - - [10/Oct/2013:19:10:46 +0000] "GET /shifters HTTP/1.0" 200 4461 "http://bestcyclingreviews.com/top_online_shops" "Mozilla/5.0 (Windows NT 5.1; rv:31.0) Gecko/20100101 Firefox/31.0"
10.182.189.79 - - [10/Oct/2013:19:15:07 +0000] "GET /saddles HTTP/1.0" 200 3553 "http://bleater.com" "Mozilla/4.0 (compatible; MSIE 7.0; Windows NT 6.0)"
10.182.189.79 - - [10/Oct/2013:19:17:59 +0000] "GET /handle-bars HTTP/1.0" 200 4949 "http://www.casualcyclist.com" "Mozilla/5.0 (Windows; U; Windows NT 6.1; rv:2.2) Gecko/20110201"
10.182.189.79 - - [10/Oct/2013:19:21:56 +0000] "GET /saddles HTTP/1.0" 200 4900 "http://bestcyclingreviews.com/top_online_shops" "Mozilla/5.0 (Windows; U; Windows NT 6.1; rv:2.2) Gecko/20110201"
237.43.24.118 - - [10/Oct/2013:19:26:35 +0000] "GET /wheelsets HTTP/1.0" 200 2926 "http://searchengine.com" "Mozilla/5.0 (iPad; CPU OS 6_0 like Mac OS X) AppleWebKit/536.26 (KHTML, like Gecko) Version/6.0 Mobile/10A5355d Safari/8536.25"
244.157.45.12 - - [10/Oct/2013:19:28:27 +0000] "GET /handle-bars HTTP/1.0" 200 3998 "http://www.casualcyclist.com" "Mozilla/5.0 (Windows; U; MSIE 9.0; WIndows NT 9.0; en-US))"
233.192.62.103 - - [10/Oct/2013:19:30:59 +0000] "GET /shifters HTTP/1.0" 200 4766 "http://searchengine.com" "Mozilla/5.0 (iPad; CPU OS 6_0 like Mac OS X) AppleWebKit/536.26 (KHTML, like Gecko) Version/6.0 Mobile/10A5355d Safari/8536.25"
10.182.189.79 - - [10/Oct/2013:19:35:50 +0000] "GET /wheelsets HTTP/1.0" 200 2115 "-" "Mozilla/4.0 (compatible; MSIE 7.0; Windows NT 6.0)"
114.214.178.92 - - [10/Oct/2013:19:38:18 +0000] "GET /seatposts HTTP/1.0" 200 2586 "http://www.casualcyclist.com" "Mozilla/5.0 (Windows NT 5.1; rv:31.0) Gecko/20100101 Firefox/31.0"
233.192.62.103 - - [10/Oct/2013:19:42:46 +0000] "GET /wheelsets HTTP/1.0" 200 4138 "http://searchengine.com" "Mozilla/5.0 (Windows; U; Windows NT 6.1; rv:2.2) Gecko/20110201"
218.193.16.244 - - [10/Oct/2013:19:46:03 +0000] "GET /saddles HTTP/1.0" 200 4510 "http://www.casualcyclist.com" "Mozilla/5.0 (Windows NT 5.1; rv:31.0) Gecko/20100101 Firefox/31.0"
244.157.45.12 - - [10/Oct/2013:19:48:37 +0000] "GET /handle-bars HTTP/1.0" 200 2245 "-" "Mozilla/5.0 (Linux; U; Android 2.3.5; en-us; HTC Vision Build/GRI40) AppleWebKit/533.1 (KHTML, like Gecko) Version/4.0 Mobile Safari/533.1"
123.221.14.56 - - [10/Oct/2013:19:49:50 +0000] "GET /shifters HTTP/1.0" 200 3020 "http://searchengine.com" "Mozilla/5.0 (Windows; U; Windows NT 6.1; rv:2.2) Gecko/20110201"
16.180.70.237 - - [10/Oct/2013:19:53:38 +0000] "GET /stems HTTP/1.0" 200 3769 "http://bleater.com" "Mozilla/4.0 (compatible; MSIE 7.0; Windows NT 6.0)"
123.221.14.56 - - [10/Oct/2013:19:56:20 +0000] "GET /shifters HTTP/1.0" 200 3298 "http://bleater.com" "Mozilla/5.0 (iPad; CPU OS 6_0 like Mac OS X) AppleWebKit/536.26 (KHTML, like Gecko) Version/6.0 Mobile/10A5355d Safari/8536.25"
218.193.16.244 - - [10/Oct/2013:20:00:27 +0000] "GET /forks HTTP/1.0" 200 4668 "http://www.casualcyclist.com" "Mozilla/5.0 (Windows; U; MSIE 9.0; WIndows NT 9.0; en-US))"
123.221.14.56 - - [10/Oct/2013:20:04:58 +0000] "GET /wheelsets HTTP/1.0" 200 2876 "http://bleater.com" "Mozilla/5.0 (Linux; U; Android 2.3.5; en-us; HTC Vision Build/GRI40) AppleWebKit/533.1 (KHTML, like Gecko) Version/4.0 Mobile Safari/533.1"
244.157.45.12 - - [10/Oct/2013:20:06:02 +0000] "GET /stems HTTP/1.0" 200 2902 "http://bestcyclingreviews.com/top_online_shops" "Mozilla/5.0 (Windows; U; Windows NT 6.1; rv:2.2) Gecko/20110201"
10.182.189.79 - - [10/Oct/2013:20:10:48 +0000] "GET /shifters HTTP/1.0" 200 4347 "http://searchengine.com" "Mozilla/5.0 (Windows; U; Windows NT 6.1; rv:2.2) Gecko/20110201"
198.122.118.164 - - [10/Oct/2013:20:11:54 +0000] "GET /wheelsets HTTP/1.0" 200 3907 "http://bestcyclingreviews.com/top_online_shops" "Mozilla/4.0 (compatible; MSIE 7.0; Windows NT 6.0)"
123.221.14.56 - - [10/Oct/2013:20:15:05 +0000] "GET /forks HTTP/1.0" 200 2956 "http://searchengine.com" "Mozilla/5.0 (Linux; U; Android 2.3.5; en-us; HTC Vision Build/GRI40) AppleWebKit/533.1 (KHTML, like Gecko) Version/4.0 Mobile Safari/533.1"
16.180.70.237 - - [10/Oct/2013:20:17:57 +0000] "GET /wheelsets HTTP/1.0" 200 3471 "http://bestcyclingreviews.com/top_online_shops" "Mozilla/5.0 (Linux; U; Android 2.3.5; en-us; HTC Vision Build/GRI40) AppleWebKit/533.1 (KHTML, like Gecko) Version/4.0 Mobile Safari/533.1"
114.214.178.92 - - [10/Oct/2013:20:19:18 +0000] "GET /saddles HTTP/1.0" 200 2388 "http://searchengine.com" "Mozilla/4.0 (compatible; MSIE 7.0; Windows NT 6.0)"
218.193.16.244 - - [10/Oct/2013:20:23:07 +0000] "GET /handle-bars HTTP/1.0" 200 3317 "-" "Mozilla/5.0 (Windows; U; Windows NT 6.1; rv:2.2) Gecko/20110201"
233.192.62.103 - - [10/Oct/2013:20:26:00 +0000] "GET /stems HTTP/1.0" 200 4078 "-" "Mozilla/4.0 (compatible; MSIE 7.0; Windows NT 6.0)"
81.73.150.239 - - [10/Oct/2013:20:26:35 +0000] "GET /seatposts HTTP/1.0" 200 2708 "http://www.casualcyclist.com" "Mozilla/5.0 (iPad; CPU OS 6_0 like Mac OS X) AppleWebKit/536.26 (KHTML, like Gecko) Version/6.0 Mobile/10A5355d Safari/8536.25"
16.180.70.237 - - [10/Oct/2013:20:28:20 +0000] "GET /stems HTTP/1.0" 200 4137 "http://www.casualcyclist.com" "Mozilla/5.0 (Linux; U; Android 2.3.5; en-us; HTC Vision Build/GRI40) AppleWebKit/533.1 (KHTML, like Gecko) Version/4.0 Mobile Safari/533.1"
198.122.118.164 - - [10/Oct/2013:20:32:21 +0000] "GET /handle-bars HTTP/1.0" 200 2226 "http://www.casualcyclist.com" "Mozilla/5.0 (Macintosh; Intel Mac OS X 10_9_2) AppleWebKit/537.36 (KHTML, like Gecko) Chrome/36.0.1944.0 Safari/537.36"
123.221.14.56 - - [10/Oct/2013:20:36:18 +0000] "GET /Store/cart.jsp?productID=1387 HTTP/1.0" 200 3137 "http://bleater.com" "Mozilla/5.0 (iPad; CPU OS 6_0 like Mac OS X) AppleWebKit/536.26 (KHTML, like Gecko) Version/6.0 Mobile/10A5355d Safari/8536.25"
233.192.62.103 - - [10/Oct/2013:20:36:51 +0000] "GET /saddles HTTP/1.0" 200 2207 "http://www.casualcyclist.com" "Mozilla/5.0 (Windows NT 5.1; rv:31.0) Gecko/20100101 Firefox/31.0"
114.214.178.92 - - [10/Oct/2013:20:38:31 +0000] "GET /forks HTTP/1.0" 200 3661 "http://searchengine.com" "Mozilla/5.0 (iPad; CPU OS 6_0 like Mac OS X) AppleWebKit/536.26 (KHTML, like Gecko) Version/6.0 Mobile/10A5355d Safari/8536.25"
233.192.62.103 - - [10/Oct/2013:20:41:54 +0000] "GET /forks HTTP/1.0" 200 2016 "http://bleater.com" "Mozilla/5.0 (Macintosh; Intel Mac OS X 10_9_2) AppleWebKit/537.36 (KHTML, like Gecko) Chrome/36.0.1944.0 Safari/537.36"
16.180.70.237 - - [10/Oct/2013:20:42:57 +0000] "GET /shifters HTTP/1.0" 200 2486 "http://bestcyclingreviews.com/top_online_shops" "Mozilla/5.0 (Windows NT 5.1; rv:31.0) Gecko/20100101 Firefox/31.0"
10.182.189.79 - - [10/Oct/2013:20:46:53 +0000] "GET /wheelsets HTTP/1.0" 200 4125 "http://searchengine.com" "Mozilla/5.0 (Windows; U; MSIE 9.0; WIndows NT 9.0; en-US))"
123.221.14.56 - - [10/Oct/2013:20:47:50 +0000] "GET /seatposts HTTP/1.0" 200 2764 "-" "Mozilla/5.0 (Linux; U; Android 2.3.5; en-us; HTC Vision Build/GRI40) AppleWebKit/533.1 (KHTML, like Gecko) Version/4.0 Mobile Safari/533.1"
10.182.189.79 - - [10/Oct/2013:20:51:29 +0000] "GET /saddles HTTP/1.0" 200 3721 "http://bleater.com" "Mozilla/5.0 (Windows NT 5.1; rv:31.0) Gecko/20100101 Firefox/31.0"
233.192.62.103 - - [10/Oct/2013:20:56:13 +0000] "GET /handle-bars HTTP/1.0" 200 2198 "http://searchengine.com" "Mozilla/4.0 (compatible; MSIE 7.0; Windows NT 6.0)"
218.193.16.244 - - [10/Oct/2013:20:59:40 +0000] "GET /wheelsets HTTP/1.0" 200 4297 "http://bestcyclingreviews.com/top_online_shops" "Mozilla/5.0 (Macintosh; Intel Mac OS X 10_9_2) AppleWebKit/537.36 (KHTML, like Gecko) Chrome/36.0.1944.0 Safari/537.36"
237.43.24.118 - - [10/Oct/2013:21:01:19 +0000] "GET /stems HTTP/1.0" 200 3505 "http://bleater.com" "Mozilla/5.0 (iPad; CPU OS 6_0 like Mac OS X) AppleWebKit/536.26 (KHTML, like Gecko) Version/6.0 Mobile/10A5355d Safari/8536.25"
218.193.16.244 - - [10/Oct/2013:21:03:57 +0000] "GET /shifters HTTP/1.0" 200 3698 "http://www.casualcyclist.com" "Mozilla/4.0 (compatible; MSIE 7.0; Windows NT 6.0)"
198.122.118.164 - - [10/Oct/2013:21:05:17 +0000] "GET /forks HTTP/1.0" 200 3952 "http://bleater.com" "Mozilla/5.0 (Macintosh; Intel Mac OS X 10_9_2) AppleWebKit/537.36 (KHTML, like Gecko) Chrome/36.0.1944.0 Safari/537.36"
218.193.16.244 - - [10/Oct/2013:21:07:26 +0000] "GET /shifters HTTP/1.0" 200 4165 "http://bleater.com" "Mozilla/5.0 (Windows NT 5.1; rv:31.0) Gecko/20100101 Firefox/31.0"
233.192.62.103 - - [10/Oct/2013:21:11:58 +0000] "GET /wheelsets HTTP/1.0" 200 3387 "-" "Mozilla/5.0 (Windows; U; Windows NT 6.1; rv:2.2) Gecko/20110201"
244.157.45.12 - - [10/Oct/2013:21:13:08 +0000] "GET /wheelsets HTTP/1.0" 200 3899 "http://www.casualcyclist.com" "Mozilla/5.0 (Macintosh; Intel Mac OS X 10_9_2) AppleWebKit/537.36 (KHTML, like Gecko) Chrome/36.0.1944.0 Safari/537.36"
10.182.189.79 - - [10/Oct/2013:21:16:38 +0000] "GET /handle-bars HTTP/1.0" 200 2612 "http://searchengine.com" "Mozilla/5.0 (Windows; U; Windows NT 6.1; rv:2.2) Gecko/20110201"
218.193.16.244 - - [10/Oct/2013:21:20:44 +0000] "GET /wheelsets HTTP/1.0" 200 4395 "-" "Mozilla/5.0 (Windows; U; MSIE 9.0; WIndows NT 9.0; en-US))"
244.157.45.12 - - [10/Oct/2013:21:21:25 +0000] "GET /wheelsets HTTP/1.0" 200 4860 "http://www.casualcyclist.com" "Mozilla/5.0 (Windows NT 5.1; rv:31.0) Gecko/20100101 Firefox/31.0"
237.43.24.118 - - [10/Oct/2013:21:22:14 +0000] "GET /seatposts HTTP/1.0" 200 2899 "http://www.casualcyclist.com" "Mozilla/4.0 (compatible; MSIE 7.0; Windows NT 6.0)"
16.180.70.237 - - [10/Oct/2013:21:25:01 +0000] "GET /wheelsets HTTP/1.0" 200 2828 "http://www.casualcyclist.com" "Mozilla/5.0 (iPad; CPU OS 6_0 like Mac OS X) AppleWebKit/536.26 (KHTML, like Gecko) Version/6.0 Mobile/10A5355d Safari/8536.25"
233.192.62.103 - - [10/Oct/2013:21:27:05 +0000] "GET /shifters HTTP/1.0" 200 3617 "http://www.casualcyclist.com" "Mozilla/5.0 (Windows; U; MSIE 9.0; WIndows NT 9.0; en-US))"
10.182.189.79 - - [10/Oct/2013:21:30:38 +0000] "GET /Store/cart.jsp?productID=1212 HTTP/1.0" 200 4524 "http://bestcyclingreviews.com/top_online_shops" "Mozilla/5.0 (Windows; U; MSIE 9.0; WIndows NT 9.0; en-US))"
237.43.24.118 - - [10/Oct/2013:21:31:16 +0000] "GET /handle-bars HTTP/1.0" 200 2379 "http://www.casualcyclist.com" "Mozilla/5.0 (Windows; U; Windows NT 6.1; rv:2.2) Gecko/20110201"
123.221.14.56 - - [10/Oct/2013:21:32:22 +0000] "GET /seatposts HTTP/1.0" 200 4046 "http://bestcyclingreviews.com/top_online_shops" "Mozilla/4.0 (compatible; MSIE 7.0; Windows NT 6.0)"
16.180.70.237 - - [10/Oct/2013:21:34:31 +0000] "GET /Store/cart.jsp?productID=1328 HTTP/1.0" 200 3681 "http://searchengine.com" "Mozilla/5.0 (Windows NT 5.1; rv:31.0) Gecko/20100101 Firefox/31.0"
218.193.16.244 - - [10/Oct/2013:21:37:13 +0000] "GET /seatposts HTTP/1.0" 200 2480 "http://searchengine.com" "Mozilla/5.0 (Macintosh; Intel Mac OS X 10_9_2) AppleWebKit/537.36 (KHTML, like Gecko) Chrome/36.0.1944.0 Safari/537.36"
198.122.118.164 - - [10/Oct/2013:21:40:05 +0000] "GET /Store/cart.jsp?productID=1197 HTTP/1.0" 200 3668 "http://bestcyclingreviews.com/top_online_shops" "Mozilla/5.0 (Windows; U; Windows NT 6.1; rv:2.2) Gecko/20110201"
244.157.45.12 - - [10/Oct/2013:21:44:49 +0000] "GET /handle-bars HTTP/1.0" 200 2191 "http://bleater.com" "Mozilla/5.0 (Windows; U; MSIE 9.0; WIndows NT 9.0; en-US))"
16.180.70.237 - - [10/Oct/2013:21:49:13 +0000] "GET /handle-bars HTTP/1.0" 200 4191 "http://searchengine.com" "Mozilla/4.0 (compatible; MSIE 7.0; Windows NT 6.0)"
218.193.16.244 - - [10/Oct/2013:21:52:42 +0000] "GET /stems HTTP/1.0" 200 3244 "http://searchengine.com" "Mozilla/5.0 (Windows; U; Windows NT 6.1; rv:2.2) Gecko/20110201"
16.180.70.237 - - [10/Oct/2013:21:56:50 +0000] "GET /wheelsets HTTP/1.0" 200 2955 "http://searchengine.com" "Mozilla/5.0 (iPad; CPU OS 6_0 like Mac OS X) AppleWebKit/536.26 (KHTML, like Gecko) Version/6.0 Mobile/10A5355d Safari/8536.25"
198.122.118.164 - - [10/Oct/2013:22:01:43 +0000] "GET /saddles HTTP/1.0" 200 2723 "http://www.casualcyclist.com" "Mozilla/5.0 (Windows; U; Windows NT 6.1; rv:2.2) Gecko/20110201"
237.43.24.118 - - [10/Oct/2013:22:05:26 +0000] "GET /handle-bars HTTP/1.0" 200 2906 "http://bleater.com" "Mozilla/5.0 (Linux; U; Android 2.3.5; en-us; HTC Vision Build/GRI40) AppleWebKit/533.1 (KHTML, like Gecko) Version/4.0 Mobile Safari/533.1"
16.180.70.237 - - [10/Oct/2013:22:09:17 +0000] "GET /forks HTTP/1.0" 200 4052 "http://searchengine.com" "Mozilla/5.0 (Windows NT 5.1; rv:31.0) Gecko/20100101 Firefox/31.0"
218.193.16.244 - - [10/Oct/2013:22:10:18 +0000] "GET /stems HTTP/1.0" 200 3413 "http://bleater.com" "Mozilla/5.0 (iPad; CPU OS 6_0 like Mac OS X) AppleWebKit/536.26 (KHTML, like Gecko) Version/6.0 Mobile/10A5355d Safari/8536.25"
237.43.24.118 - - [10/Oct/2013:22:10:58 +0000] "GET /wheelsets HTTP/1.0" 200 4425 "http://searchengine.com" "Mozilla/4.0 (compatible; MSIE 7.0; Windows NT 6.0)"
10.182.189.79 - - [10/Oct/2013:22:14:10 +0000] "GET /wheelsets HTTP/1.0" 200 2872 "http://searchengine.com" "Mozilla/5.0 (Windows; U; Windows NT 6.1; rv:2.2) Gecko/20110201"
114.214.178.92 - - [10/Oct/2013:22:15:13 +0000] "GET /seatposts HTTP/1.0" 200 2839 "-" "Mozilla/5.0 (Windows; U; MSIE 9.0; WIndows NT 9.0; en-US))"
114.214.178.92 - - [10/Oct/2013:22:17:07 +0000] "GET /stems HTTP/1.0" 200 3455 "-" "Mozilla/5.0 (iPad; CPU OS 6_0 like Mac OS X) AppleWebKit/536.26 (KHTML, like Gecko) Version/6.0 Mobile/10A5355d Safari/8536.25"
114.214.178.92 - - [10/Oct/2013:22:20:43 +0000] "GET /stems HTTP/1.0" 200 4266 "-" "Mozilla/4.0 (compatible; MSIE 7.0; Windows NT 6.0)"
16.180.70.237 - - [10/Oct/2013:22:22:43 +0000] "GET /stems HTTP/1.0" 200 2875 "http://www.casualcyclist.com" "Mozilla/5.0 (Windows; U; Windows NT 6.1; rv:2.2) Gecko/20110201"
123.221.14.56 - - [10/Oct/2013:22:24:11 +0000] "GET /wheelsets HTTP/1.0" 200 4096 "-" "Mozilla/5.0 (Windows; U; MSIE 9.0; WIndows NT 9.0; en-US))"
237.43.24.118 - - [10/Oct/2013:22:27:15 +0000] "GET /Store/cart.jsp?productID=1010 HTTP/1.0" 200 2183 "http://bleater.com" "Mozilla/5.0 (Macintosh; Intel Mac OS X 10_9_2) AppleWebKit/537.36 (KHTML, like Gecko) Chrome/36.0.1944.0 Safari/537.36"
237.43.24.118 - - [10/Oct/2013:22:31:04 +0000] "GET /seatposts HTTP/1.0" 200 3776 "http://bestcyclingreviews.com/top_online_shops" "Mozilla/5.0 (Linux; U; Android 2.3.5; en-us; HTC Vision Build/GRI40) AppleWebKit/533.1 (KHTML, like Gecko) Version/4.0 Mobile Safari/533.1"
218.193.16.244 - - [10/Oct/2013:22:34:15 +0000] "GET /Store/cart.jsp?productID=1012 HTTP/1.0" 200 4828 "http://bestcyclingreviews.com/top_online_shops" "Mozilla/5.0 (Windows; U; Windows NT 6.1; rv:2.2) Gecko/20110201"
237.43.24.118 - - [10/Oct/2013:22:35:24 +0000] "GET /wheelsets HTTP/1.0" 200 3261 "http://searchengine.com" "Mozilla/4.0 (compatible; MSIE 7.0; Windows NT 6.0)"
81.73.150.239 - - [10/Oct/2013:22:39:13 +0000] "GET /stems HTTP/1.0" 200 2426 "http://www.casualcyclist.com" "Mozilla/4.0 (compatible; MSIE 7.0; Windows NT 6.0)"
237.43.24.118 - - [10/Oct/2013:22:40:34 +0000] "GET /shifters HTTP/1.0" 200 4899 "http://bleater.com" "Mozilla/5.0 (Macintosh; Intel Mac OS X 10_9_2) AppleWebKit/537.36 (KHTML, like Gecko) Chrome/36.0.1944.0 Safari/537.36"
123.221.14.56 - - [10/Oct/2013:22:43:21 +0000] "GET /handle-bars HTTP/1.0" 200 2367 "http://bestcyclingreviews.com/top_online_shops" "Mozilla/5.0 (Windows NT 5.1; rv:31.0) Gecko/20100101 Firefox/31.0"
81.73.150.239 - - [10/Oct/2013:22:46:43 +0000] "GET /wheelsets HTTP/1.0" 200 4748 "http://www.casualcyclist.com" "Mozilla/5.0 (Windows; U; MSIE 9.0; WIndows NT 9.0; en-US))"
218.193.16.244 - - [10/Oct/2013:22:47:28 +0000] "GET /Store/cart.jsp?productID=1281 HTTP/1.0" 200 4660 "http://searchengine.com" "Mozilla/5.0 (Windows; U; MSIE 9.0; WIndows NT 9.0; en-US))"
244.157.45.12 - - [10/Oct/2013:22:51:15 +0000] "GET /stems HTTP/1.0" 200 4262 "http://searchengine.com" "Mozilla/5.0 (Windows; U; Windows NT 6.1; rv:2.2) Gecko/20110201"
218.193.16.244 - - [10/Oct/2013:22:56:13 +0000] "GET /saddles HTTP/1.0" 200 4999 "http://searchengine.com" "Mozilla/4.0 (compatible; MSIE 7.0; Windows NT 6.0)"
123.221.14.56 - - [10/Oct/2013:22:56:45 +0000] "GET /stems HTTP/1.0" 200 3809 "-" "Mozilla/5.0 (Windows; U; MSIE 9.0; WIndows NT 9.0; en-US))"
218.193.16.244 - - [10/Oct/2013:22:58:47 +0000] "GET /Store/cart.jsp?productID=1447 HTTP/1.0" 200 4143 "http://bleater.com" "Mozilla/5.0 (Windows; U; Windows NT 6.1; rv:2.2) Gecko/20110201"
123.221.14.56 - - [10/Oct/2013:23:00:32 +0000] "GET /wheelsets HTTP/1.0" 200 3698 "-" "Mozilla/4.0 (compatible; MSIE 7.0; Windows NT 6.0)"
16.180.70.237 - - [10/Oct/2013:23:04:22 +0000] "GET /saddles HTTP/1.0" 200 3016 "http://bleater.com" "Mozilla/5.0 (Linux; U; Android 2.3.5; en-us; HTC Vision Build/GRI40) AppleWebKit/533.1 (KHTML, like Gecko) Version/4.0 Mobile Safari/533.1"
218.193.16.244 - - [10/Oct/2013:23:08:35 +0000] "GET /forks HTTP/1.0" 200 2106 "http://www.casualcyclist.com" "Mozilla/5.0 (iPad; CPU OS 6_0 like Mac OS X) AppleWebKit/536.26 (KHTML, like Gecko) Version/6.0 Mobile/10A5355d Safari/8536.25"
233.192.62.103 - - [10/Oct/2013:23:12:49 +0000] "GET /seatposts HTTP/1.0" 200 2486 "http://bestcyclingreviews.com/top_online_shops" "Mozilla/5.0 (Macintosh; Intel Mac OS X 10_9_2) AppleWebKit/537.36 (KHTML, like Gecko) Chrome/36.0.1944.0 Safari/537.36"
114.214.178.92 - - [10/Oct/2013:23:16:50 +0000] "GET /Store/cart.jsp?productID=1449 HTTP/1.0" 200 4163 "http://www.casualcyclist.com" "Mozilla/4.0 (compatible; MSIE 7.0; Windows NT 6.0)"
16.180.70.237 - - [10/Oct/2013:23:21:09 +0000] "GET /shifters HTTP/1.0" 200 4763 "http://bestcyclingreviews.com/top_online_shops" "Mozilla/5.0 (Linux; U; Android 2.3.5; en-us; HTC Vision Build/GRI40) AppleWebKit/533.1 (KHTML, like Gecko) Version/4.0 Mobile Safari/533.1"
16.180.70.237 - - [10/Oct/2013:23:23:05 +0000] "GET /shifters HTTP/1.0" 200 4791 "-" "Mozilla/5.0 (Windows; U; Windows NT 6.1; rv:2.2) Gecko/20110201"
233.192.62.103 - - [10/Oct/2013:23:27:59 +0000] "GET /forks HTTP/1.0" 200 4025 "http://bestcyclingreviews.com/top_online_shops" "Mozilla/5.0 (Windows; U; MSIE 9.0; WIndows NT 9.0; en-US))"
16.180.70.237 - - [10/Oct/2013:23:32:43 +0000] "GET /handle-bars HTTP/1.0" 200 4579 "http://bestcyclingreviews.com/top_online_shops" "Mozilla/5.0 (Linux; U; Android 2.3.5; en-us; HTC Vision Build/GRI40) AppleWebKit/533.1 (KHTML, like Gecko) Version/4.0 Mobile Safari/533.1"
114.214.178.92 - - [10/Oct/2013:23:34:42 +0000] "GET /handle-bars HTTP/1.0" 200 3245 "http://searchengine.com" "Mozilla/5.0 (iPad; CPU OS 6_0 like Mac OS X) AppleWebKit/536.26 (KHTML, like Gecko) Version/6.0 Mobile/10A5355d Safari/8536.25"
244.157.45.12 - - [10/Oct/2013:23:37:52 +0000] "GET /saddles HTTP/1.0" 200 4296 "-" "Mozilla/5.0 (Windows NT 5.1; rv:31.0) Gecko/20100101 Firefox/31.0"
81.73.150.239 - - [10/Oct/2013:23:40:26 +0000] "GET /handle-bars HTTP/1.0" 200 4442 "-" "Mozilla/4.0 (compatible; MSIE 7.0; Windows NT 6.0)"
123.221.14.56 - - [10/Oct/2013:23:45:07 +0000] "GET /wheelsets HTTP/1.0" 200 3315 "http://bestcyclingreviews.com/top_online_shops" "Mozilla/5.0 (iPad; CPU OS 6_0 like Mac OS X) AppleWebKit/536.26 (KHTML, like Gecko) Version/6.0 Mobile/10A5355d Safari/8536.25"
237.43.24.118 - - [10/Oct/2013:23:48:05 +0000] "GET /stems HTTP/1.0" 200 3377 "http://bleater.com" "Mozilla/5.0 (Windows; U; MSIE 9.0; WIndows NT 9.0; en-US))"
81.73.150.239 - - [10/Oct/2013:23:50:47 +0000] "GET /seatposts HTTP/1.0" 200 4909 "http://bestcyclingreviews.com/top_online_shops" "Mozilla/5.0 (Windows NT 5.1; rv:31.0) Gecko/20100101 Firefox/31.0"
233.192.62.103 - - [10/Oct/2013:23:55:41 +0000] "GET /Store/cart.jsp?productID=1335 HTTP/1.0" 200 4731 "http://bestcyclingreviews.com/top_online_shops" "Mozilla/5.0 (Linux; U; Android 2.3.5; en-us; HTC Vision Build/GRI40) AppleWebKit/533.1 (KHTML, like Gecko) Version/4.0 Mobile Safari/533.1"
237.43.24.118 - - [10/Oct/2013:23:59:14 +0000] "GET /seatposts HTTP/1.0" 200 4763 "http://bestcyclingreviews.com/top_online_shops" "Mozilla/5.0 (Windows; U; MSIE 9.0; WIndows NT 9.0; en-US))"
